{
  "version": "1.4.0",
  "plugins_used": [
    {
      "name": "Base64HighEntropyString",
      "limit": 4.5
    },
    {
      "name": "HexHighEntropyString",
      "limit": 3.0
    },
    {
      "name": "KeywordDetector",
      "keyword_exclude": "(?i)(example|dummy|test|sample)"
    },
    {
      "name": "PrivateKeyDetector"
    },
    {
      "name": "AzureStorageKeyDetector"
    },
    {
      "name": "AzureServicePrincipalDetector"
    }
  ],
  "filters_used": [
    {
      "path": "detect_secrets.filters.common.is_baseline_file"
    },
    {
      "path": "detect_secrets.filters.common.is_ignored_due_to_verification_policies",
      "min_level": 2
    },
    {
      "path": "detect_secrets.filters.common.is_templated_secret"
    },
    {
      "path": "detect_secrets.filters.heuristic.is_likely_id_string"
    }
  ],
  "exclude": {
    "files": [
      ".*\\.md",
      ".*\\.png",
      ".*\\.jpg",
      ".*\\.zip",
      ".*\\.jar",
      ".*\\.csv",
      ".*\\.parquet",
      ".*\\.avro",
      "ARMTemplateForFactory.json",
      "ARMTemplateParametersForFactory.json"
    ],
    "lines": [
      "Microsoft.DataFactory/factories",
      "referenceName",
      "typeProperties",
      "linkedServiceName",
      "@{.*}",
      "\\$\\{.*\\}",
      "<.*?>"
    ]
  },
  "results": {},
  "generated_at": "2026-01-18T00:00:00Z"
}
